[Info] ??撠??函??函蔡?????..
[Info] 撠??寧?? E:\OneDrive - 撖啣??亥?蝘??∩遢???砍\PCRD_tool
[Info] 頛詨?格??桅?: E:\OneDrive - 撖啣??亥?蝘??∩遢???砍\PCRD_tool\dist_story_map
[Copy] story_map.html -> index.html
[Copy] style.css -> style.css
[Copy] db.js -> db.js
[Copy] avatar-service.js -> avatar-service.js
[Copy] story-asset-service.js -> story-asset-service.js
[Copy] chapter-data.js -> chapter-data.js
[Copy] characters.js -> characters.js
[Copy] map.js -> map.js
[Copy] redive_tw.db -> redive_tw.db
[Copy] sql-wasm.js -> sql-wasm.js
[Copy] sql-wasm.wasm -> sql-wasm.wasm
[Copy] chapters.json -> data/chapters.json
[Copy] extra_events.json -> data/extra_events.json
[Copy] npc_avatars.json -> data/npc_avatars.json
[Copy] real_name_mapping.json -> data/real_name_mapping.json
[Copy] story_thumbnails.json -> data/story_thumbnails.json
[Copy] event_summaries.json -> data/event_summaries.json
[Copy] ??銴ˊ鈭?8986 ????JSON 瑼?
[Copy] 銴ˊ?踵?寡?鈭蔗?舫????
[Copy] 銴ˊ?踵?寡?鈭蔗?舐?蝜芸之????
[Success] ???函蔡撠?摰?嚗?
[Info] ?函?典隞亦?亙? E:\OneDrive - 撖啣??亥?蝘??∩遢???砍\PCRD_tool\dist_story_map 鞈?憭曉摰寥蝵脣 GitHub Pages?ercel ??遙雿?Web 隡箸??其???
